07:01:57 INFO === Fase 2 — ruteo pyosmium/NetworkX | perfiles=['car', 'bike', 'foot'] | deptos=['piura', 'ayacucho', 'ucayali'] ===
07:02:00 INFO   muestreo · n_total: 17187
07:02:00 INFO   muestreo · tope: 5000
07:02:00 INFO   muestreo · fraccion: 0.2909
07:02:00 INFO   muestreo · n_muestra: 5000
07:02:00 INFO   muestreo · n_distritos: 201
07:02:00 INFO   muestreo · distritos_sin_muestra: 0
07:02:00 INFO   muestreo · puntos_por_distrito_min: 1
07:02:00 INFO   muestreo · puntos_por_distrito_max: 145
07:02:00 INFO   muestreo · estrategia: estratificado_por_distrito (proporcional, restos mayores)
07:02:00 INFO   muestreo · semilla: 42
07:02:00 INFO   muestreo · implicacion_error_muestral: se rutea el 29.1% de los centros poblados; las métricas de cobertura de la Fase 3 son estimaciones con error de muestreo. Al no haber población en la fuente, la estratificación es por distrito (no ponderada por población): distritos con muchos centros poblados pequeños quedan sub-muestreados respecto a un diseño poblacional.
07:02:01 INFO --- PIURA: 1255 centros poblados muestreados, 1264 establecimientos (29 resolutivos) ---
07:02:01 INFO   grafo piura/car desde caché piura_car.pkl
07:04:45 INFO     piura/car matriz completa 1255 origenes x 318 instalaciones (141s)
07:04:52 INFO   grafo piura/bike desde caché piura_bike.pkl
07:05:41 INFO     piura/bike nearest-resolutivo (29 resolutivos, 35s)
07:05:43 INFO   grafo piura/foot desde caché piura_foot.pkl
07:06:35 INFO     piura/foot nearest-resolutivo (29 resolutivos, 27s)
07:06:37 INFO --- AYACUCHO: 3242 centros poblados muestreados, 708 establecimientos (11 resolutivos) ---
07:06:38 INFO   grafo ayacucho/car desde caché ayacucho_car.pkl
07:06:52 INFO     ayacucho/car matriz completa 3242 origenes x 177 instalaciones (12s)
07:06:55 INFO   grafo ayacucho/bike desde caché ayacucho_bike.pkl
07:07:06 INFO     ayacucho/bike nearest-resolutivo (11 resolutivos, 9s)
07:07:09 INFO   grafo ayacucho/foot desde caché ayacucho_foot.pkl
07:07:14 INFO     ayacucho/foot nearest-resolutivo (11 resolutivos, 3s)
07:07:16 INFO --- UCAYALI: 503 centros poblados muestreados, 329 establecimientos (6 resolutivos) ---
07:07:16 INFO   grafo ucayali/car desde caché ucayali_car.pkl
07:07:20 INFO     ucayali/car matriz completa 503 origenes x 72 instalaciones (3s)
07:07:21 INFO   grafo ucayali/bike desde caché ucayali_bike.pkl
07:07:23 INFO     ucayali/bike nearest-resolutivo (6 resolutivos, 1s)
07:07:25 INFO   grafo ucayali/foot desde caché ucayali_foot.pkl
07:07:27 INFO     ucayali/foot nearest-resolutivo (6 resolutivos, 1s)
07:07:28 INFO snapping:
profile    tipo  n_puntos  n_snap_fallido  snap_dist_media_m  snap_dist_p95_m  snap_dist_max_m
   bike demanda      5000            1632             5371.4           8237.1         382491.8
   bike  oferta       567              11             1030.8             79.7         349035.0
    car demanda      5000            1820             5563.7           9767.8         382563.2
    car  oferta       567              11             1034.3             87.2         349094.7
   foot demanda      5000            1631             5369.9           8237.1         382491.8
   foot  oferta       567              11             1027.1             76.8         349035.0
07:07:29 INFO acceso: 15000 filas · no ruteables: 5083 (33.9%) — marcados, NO se usa recta
07:07:29 INFO   bike  mediana=248.8 min  p90=626.5 min  máx=2671.2 min
07:07:29 INFO   car   mediana=19.0 min  p90=60.8 min  máx=206.5 min
07:07:29 INFO   foot  mediana=823.1 min  p90=2082.5 min  máx=8904.1 min
07:07:29 INFO car vs foot: instalación más cercana difiere en 95.3%; tiempo a pie ~32.9x el de auto
07:07:29 INFO === fin en 332s ===
